[root@ip-10-3-11-4 ec2-user]# mysql -u admin -p -h udarr-read-replica.ckrqeju3smmq.us-west-1.rds.amazonaws.com
Enter password: 
Welcome to the MySQL monitor.  Commands end with ; or \g.
Your MySQL connection id is 29
Server version: 5.7.22 Source distribution

Copyright (c) 2000, 2020, Oracle and/or its affiliates. All rights reserved.

Oracle is a registered trademark of Oracle Corporation and/or its
affiliates. Other names may be trademarks of their respective
owners.

Type 'help;' or '\h' for help. Type '\c' to clear the current input statement.

mysql> use udacity
Reading table information for completion of table and column names
You can turn off this feature to get a quicker startup with -A

Database changed
mysql> CREATE TABLE Student2 (UIN int,LastName varchar(255),FirstName varchar(255),Address varchar(255),City varchar(255));
ERROR 1290 (HY000): The MySQL server is running with the --read-only option so it cannot execute this statement
mysql> INSERT INTO Student2 (UIN, LastName, FirstName, Address, City)  Value(111, "Modi","Apurva
    "> ","Foothill Ranch","CA");
ERROR 1290 (HY000): The MySQL server is running with the --read-only option so it cannot execute this statement
mysql> INSERT INTO Student(UIN, LastName, FirstName, Address, City)  Value(111, "Modi","Apurva
","Foothill Ranch","CA");
ERROR 1290 (HY000): The MySQL server is running with the --read-only option so it cannot execute this statement
mysql> SELECT * FROM Student;
+------+----------+-----------+----------------+------+
| UIN  | LastName | FirstName | Address        | City |
+------+----------+-----------+----------------+------+
|  111 | Modi     | Apurva    | Foothill Ranch | CA   |
+------+----------+-----------+----------------+------+
1 row in set (0.00 sec)